Script started on 2024-04-08 23:43:33-04:00
bash-4.4$ cd $HOME
bash-4.4$ vi .bashrc
[?2004h[?1049h[22;0;0t[?1h=[?2004h[1;32r[?12h[?12l[27m[23m[29m[m[H[2J[?25l[32;1H".bashrc" 1L, 1C[2;1H[94m~                                                               [3;1H~                                                               [4;1H~                                                               [5;1H~                                                               [6;1H~                                                               [7;1H~                                                               [8;1H~                                                               [9;1H~                                                               [10;1H~                                                               [11;1H~                                                               [12;1H~                                                               [13;1H~                                                               [14;1H~                                                               [15;1H~                                                               [16;1H~                                                               [17;1H~                                                               [18;1H~                                                               [19;1H~                                                               [20;1H~                                                               [21;1H~                                                               [22;1H~                                                               [23;1H~                                                               [24;1H~                                                               [25;1H~                                                               [26;1H~                                                               [27;1H~                                                               [28;1H~                                                               [29;1H~                                                               [30;1H~                                                               [31;1H~                                                               [1;1H[?25h[?25l[m[32;1H[1m-- INSERT --[m[32;13H[K[1;1H[?25h[?25lA[?25h[?25ll[?25h[?25li[?25h[?25la[?25h[?25l[1;4H[K[1;4H[?25h[?25l[1;3H[K[1;3H[?25h[?25l[1;2H[K[1;2H[?25h[?25l[1;1H[K[1;1H[?25h[?25la[?25h[?25ll[?25h[?25li[?25h[?25la[?25h[?25ls[?25h[?25l [?25h[?25ll[?25h[?25l=[?25h[?25l'[?25h[?25ll[?25h[?25la[?25h[?25ls[?25h[?25l[1;12H[K[1;12H[?25h[?25l[1;11H[K[1;11H[?25h[?25ls[?25h[?25l [?25h[?25l-[?25h[?25ll[?25h[?25lt[?25h[?25lr[?25h[?25l'[?25h[?25l[2;1H[K[2;1H[?25h[?25la[?25h[?25ll[?25h[?25li[?25h[?25la[?25h[?25ls[?25h[?25l [?25h[?25lw[?25h[?25l=[?25h[?25l'[?25h[?25ll[?25h[?25lw[?25h[?25l[2;11H[K[2;11H[?25h[?25ls[?25h[?25l [?25h[?25l-[?25h[?25ll[?25h[?25l [?25h[?25l|[?25h[?25l [?25h[?25lw[?25h[?25lc[?25h[?25l [?25h[?25l-[?25h[?25ll[?25h[?25l'[?25h[32;1H[K[2;23H[?25l[?25h[?25l[32;1H:[?2004h[?25hwq[?25l[?2004l".bashrc" 2L, 42C written
[?2004l[?1l>[?25h[?1049l[23;0;0tbash-4.4$ sourc[K[K[K[K[Ksource ~/.bashrc
bash-4.4$ l
total 392
-rw-rw-r--  1 sunidhisp24 sunidhisp24 208090 Feb  3 15:51 index.html
-rw-rw-r--  1 sunidhisp24 sunidhisp24 106270 Feb  6 17:27 spotify-2023.csv
-rw-rw-r--  1 sunidhisp24 sunidhisp24   6363 Feb  8 17:37 taylorAndDrake.txt
-rw-rw-r--  1 sunidhisp24 sunidhisp24      6 Feb 29 17:34 cf2.c
-rw-rw-r--  1 sunidhisp24 sunidhisp24     25 Mar  7 02:18 cf1.c
-rw-rw-r--  1 sunidhisp24 sunidhisp24     40 Mar  7 02:52 errorfile
-rw-rw-r--  1 sunidhisp24 sunidhisp24  18446 Mar  7 02:58 res.txt
-rw-rw-r--  1 sunidhisp24 sunidhisp24    565 Mar  7 02:58 error.txt
drwxrwxr-x  2 sunidhisp24 sunidhisp24   4096 Mar  7 03:46 newDir
-rw-rw-r--  1 sunidhisp24 sunidhisp24     34 Mar  7 04:12 file.txt
-rw-rw-r--  1 sunidhisp24 sunidhisp24    561 Mar 12 16:39 res1.txt
-rw-rw-r--  1 sunidhisp24 sunidhisp24      3 Mar 12 16:41 who
-rw-rw-r--  1 sunidhisp24 sunidhisp24      0 Mar 12 16:45 list.txt
-rw-rw-r--  1 sunidhisp24 sunidhisp24  18446 Mar 21 16:47 paths.txt
drwxrwxr-x 10 sunidhisp24 sunidhisp24   4096 Apr  8 23:43 cs131
bash-4.4$ w
16
bash-4.4$ cs[Kc[Kd cs113[K[K31
bash-4.4$ ls
anotherfile.txt  Assignment2	  Worksheet2	  ws4.txt
Assignment1	 newtextfile.txt  Worksheet3
Assignment1Prac  Worksheet1	  Worksheet4Prac
bash-4.4$ mkdir Worksheet4
bash-4.4$ cd Worksheet4
bash-4.4$ mkdir Subscribers
bash-4.4$ cd ..
bash-4.4$ ls
anotherfile.txt  Assignment2	  Worksheet2  Worksheet4Prac
Assignment1	 newtextfile.txt  Worksheet3  ws4.txt
Assignment1Prac  Worksheet1	  Worksheet4
bash-4.4$ cd Assignment2
bash-4.4$ ls
 Assignment2.txt  'Global YouTube Statistics.csv'   two.txt
 cmds.log	   one.txt
bash-4.4$ pwd
/mnt/scratch/FA23_CS131_Ashish/sunidhisp24/cs131/Assignment2
bash-4.4$ cd ..
bash-4.4$ cd Worksheet4/Subscribers/
bash-4.4$ cp /mnt/scratch/FA23_CS131_Ashish/sunidhisp24/cs131/Asssignment2/'Global YouTube Statistics.csv' 'Global YouTube Statis tics.csv'
bash-4.4$ ls
'Global YouTube Statistics.csv'
bash-4.4$ head -5 "[K'Global YouTube Statistics.csv' 
rank,Youtuber,subscribers,video views,category,Title,uploads,Country,Abbreviation,channel_type,video_views_rank,country_rank,channel_type_rank,video_views_for_the_last_30_days,lowest_monthly_earnings,highest_monthly_earnings,lowest_yearly_earnings,highest_yearly_earnings,subscribers_for_last_30_days,created_year,created_month,created_date,Gross tertiary education enrollment (%),Population,Unemployment rate,Urban_population,Latitude,Longitude
1,T-Series,245000000,2.28E+11,Music,T-Series,20082,India,IN,Music,1,1,1,2258000000,564600,9000000,6800000,108400000,2000000,2006,Mar,13,28.1,1366417754,5.36,471031528,20.593684,78.96288
2,YouTube Movies,170000000,0,Film & Animation,youtubemovies,1,United States,US,Games,4055159,7670,7423,12,0,0.05,0.04,0.58,nan,2006,Mar,5,88.2,328239523,14.7,270663028,37.09024,-95.712891
3,MrBeast,166000000,28368841870,Entertainment,MrBeast,741,United States,US,Entertainment,48,1,1,1348000000,337000,5400000,4000000,64700000,8000000,2012,Feb,20,88.2,328239523,14.7,270663028,37.09024,-95.712891
4,Cocomelon - Nursery Rhymes,162000000,1.64E+11,Education,Cocomelon - Nursery Rhymes,966,United States,US,Education,2,2,1,1975000000,493800,7900000,5900000,94800000,1000000,2006,Sep,1,88.2,328239523,14.7,270663028,37.09024,-95.712891
bash-4.4$ awk -F ',' $8 == "United States" {print $3}'[1@'[C[C[C[C[C[C[C[C[C[C[C 'Global YYouTube Statistics.csv' > United_Stae[Ktes.txt
awk: cmd. line:1: ==
awk: cmd. line:1: ^ syntax error
bash-4.4$ [Kbash-4.4$ [Kbash-4.4$ [Kbash-4.4$ awk -F ',' $8 == "United States" '{print $3}' 'Global YYouTube Statistics.csv' > United_States.txt[A[C[C[C[C[C[C[C[C[C[C[C[C[C[C[C[C[C[C[C[C[C'$8 == "United States" '{print $3}' 'Global [1@Y[A[C[C[C[C[C[C[C[C[C[C[C[C[C[C[C[C[C[C[C[C[C[C[C[C[C[C[C[C[C[C[C[C[C[C[C[C[C[C[C[C[C[C[C{print $3}' 'Global Y[1P[A[C[C[C[C[C[C[C[C[C[C[C[C[C[C[C[C[C[C[C[C[C[C[C[C[C[C[C[C[C[C[C[C[C[C[C[C[C[C[C[C[C[C[C[C[C[C[C[C[C[C[C[C[C[C[C[C[C[C[C[C[C[C
[C[C[C[C[C[C[C[C[C[C[C[C[C[C[C[C[C[C[C[C[C[C[C[C[C[C[C[C[C[C[C[C[C[C[C[C[C[C[C[C[C[C[C
bash-4.4$ heas [K[Kd -5 United_States.txt 
170000000
166000000
162000000
112000000
98900000
bash-4.4$ head -5 United_States.txt [C[C[C[C[C[C[C[C[C[Cawk -F ',' '$8 == "United States" {print $3}' 'Global YYouTube Statistics.csv' > United_States.txt[A[C[C[C[C[C[C[C[C[C[C[C[C[C[C[C[C[C[C[C[C[C[C[C[C[C[C[C[C[Cnited States" {print $3}' 'Global Yo[1P[A[C[C[C[C[C[C[C[C[C[C[C[C[C[C[C[C[C[C[C[C[C[C[C[C[C[C[C[Cited States" {print $3}' 'Global You[1P[A[C[C[C[C[C[C[C[C[C[C[C[C[C[C[C[C[C[C[C[C[C[C[C[C[C[C[C[Cted States" {print $3}' 'Global YouT[1P[A[C[C[C[C[C[C[C[C[C[C[C[C[C[C[C[C[C[C[C[C[C[C[C[C[C[C[C[Ced States" {print $3}' 'Global YouTu[1P[A[C[C[C[C[C[C[C[C[C[C[C[C[C[C[C[C[C[C[C[C[C[C[C[C[C[C[C[Cd States" {print $3}' 'Global YouTub[1P[A[C[C[C[C[C[C[C[C[C[C[C[C[C[C[C[C[C[C[C[C[C[C[C[C[C[C[C[C States" {print $3}' 'Global YouTube[1P[A[C[C[C[C[C[C[C[C[C[C[C[C[C[C[C[C[C[C[C[C[C[C[C[C[C[C[C[CStates" {print $3}' 'Global YouTube [1P[A[C[C[C[C[C[C[C[C[C[C[C[C[C[C[C[C[C[C[C[C[C[C[C[C[C[C[C[Ctates" {print $3}' 'Global YouTube S[1P[A[C[C[C[C[C[C[C[C[C[C[C[C[C[C[C[C[C[C[C[C[C[C[C[C[C[C[C[Cates" {print $3}' 'Global YouTube St[1P[A[C[C[C[C[C[C[C[C[C[C[C[C[C[C[C[C[C[C[C[C[C[C[C[C[C[C[C[Ctes" {print $3}' 'Global YouTube Sta[1P[A[C[C[C[C[C[C[C[C[C[C[C[C[C[C[C[C[C[C[C[C[C[C[C[C[C[C[C[Ces" {print $3}' 'Global YouTube Stat[1P[A[C[C[C[C[C[C[C[C[C[C[C[C[C[C[C[C[C[C[C[C[C[C[C[C[C[C[C[Cs" {print $3}' 'Global YouTube Stati[1P[A[C[C[C[C[C[C[C[C[C[C[C[C[C[C[C[C[C[C[C[C[C[C[C[C[C[C[C[C" {print $3}' 'Global YouTube Statis[1P[A[C[C[C[C[C[C[C[C[C[C[C[C[C[C[C[C[C[C[C[C[C[C[C[C[C[C[C[CI" {print $3}' 'Global YouTube Stati[1@s[A[C[C[C[C[C[C[C[C[C[C[C[C[C[C[C[C[C[C[C[C[C[C[C[C[C[C[C[Cn" {print $3}' 'Global YouTube Stat[1@i[A[C[C[C[C[C[C[C[C[C[C[C[C[C[C[C[C[C[C[C[C[C[C[C[C[C[C[C[C[Cd" {print $3}' 'Global YouTube Sta[1@t[A[C[C[C[C[C[C[C[C[C[C[C[C[C[C[C[C[C[C[C[C[C[C[C[C[C[C[C[C[C[Ci" {print $3}' 'Global YouTube St[1@a[A[C[C[C[C[C[C[C[C[C[C[C[C[C[C[C[C[C[C[C[C[C[C[C[C[C[C[C[C[C[C[Ca" {print $3}' 'Global YouTube S[1@t[A[C[C[C[C[C[C[C[C[C[C[C[C[C[C[C[C[C[C[C[C[C[C[C[C[C[C[C[C[C[C[C[C[C[C[C[C[C[C[C[C[C[C[C[C[C[C[C[C[C[C[C[C[C[C[C[C[C[C[C[C[C
[C[C[C[C[C[C[C[C[C[C[C[C[C[C[C[C[C[C[C[C[C[C[C[C[C[C[C[C[C[C[C[1P.txt[1P.txt[1P.txt[1P.txt[1P.txt[1P.txt[1P.txt[1P.txt[1P.txt[1P.txt[1P.txt[1P.txt[1P.txtI.txtn.txtd.txti.txta.txt
bash-4.4$ head -5 India.txt 
245000000
159000000
96700000
83000000
70500000
bash-4.4$ echo "Mean Subscribers: United States:" > ws4_means.tx t
bash-4.4$ awk '{sum+=$1} END {print sum/NP[KR}' United_States.txt > > ws4_Means[1Peans[1Pans[1Pns[1Ps[Kmeans.txt 
bash-4.4$ cat ws4_means.txt 
Mean Subscribers: United States:
2.34169e+07
bash-4.4$ cat ws4_means.txt [C[C[C[C[C[C[C[C[C[Cawk '{sum+=$1} END {print sum/NR}' United_States.txt >>> ws4_means.txt [Aecho "Mean Subscribers: United States:" > ws4_means.txt[K[A[C[C[C[C[C[C[C[C[C[C[C[C[C[C[C[C[C[C[C[C[C[C[C[C[C[C[C[C[C[C[C[C[C[C[C[C[C[C[C[C[C[C[C[C[C[C[C[C[C[C[C[C[C[C[C[C[C[C[C[C[C[C[C> ws4_means.txt[A[C[C[C[C[C[C[C[C[C[C[C[C[C[C[C[C[C[C[C[C[C[C[C[C[C[C[C[C[C[C[C[C[C[C[C[C[C[C[C[C[C[C[C[C[C[C[C[C[C[C[C[C[C:" >> ws4_means.txt[K[A[C[C[C[C[C[C[C[C[C[C[C[C[C[C[C[C[C[C[C[C[C[C[C[C[C[C[C[C[C[C[C[C[C[C[C[C[C[C[C[C[C[C[C[C[C:" >> ws4_means.txt [K[A[C[C[C[C[C[C[C[C[C[C[C[C[C[C[C[C[C[C[C[C[C[C[C[C[C[C[C[C[C[C[C[C[C[C[C[C[C[C[C[C[C[C[C[C[C[1P
[K[A[C[C[C[C[C[C[C[C[C[C[C[C[C[C[C[C[C[C[C[C[C[C[C[C[C[C[C[C[C[C[C[C[C[C[C[C[C[C[C[C[C[C[C[C[1P[1P[1P[1P[1P[1P[1P[1P[1P[1P[1@I[1@n[1@d[1@i[1@a[C[C[C[C[C[C[C[C[C[C[C[C[C[C[C[C[C[C[C
bash-4.4$ echo "Mean Subscribers: India:" >> ws4_means.txt[C[C[C[C[C[C[C[C[C[C[Kecho "Mean Subscribers: India:" >> ws4_means.txt[C[C[C[C[C[C[C[C[C[C[30Pcat ws4_means.txt [C[C[C[C[C[C[C[C[C[Cawk '{sum+=$1} END {print sum/NR}' United_States.txt >>> ws4_means.txt [A[C[C[C[C[C[C[C[C[C[C[C[C[C[C[C[C[C[C[C[C[C[C[C[C[C[C[C[C[C[C[C[C[C[C[C[C[C[C[C[C[C[C[C[C[C[C[C[C[C[C[C[C[C[C[C[C[C[C[C[C[C[C[C[C[C[C[C.txt >> [1P[A[C[C[C[C[C[C[C[C[C[C[C[C[C[C[C[C[C[C[C[C[C[C[C[C[C[C[C[C[C[C[C[C[C[C[C[C[C[C[C[C[C[C[C[C[C[C[C[C[C[C[C[C[C[C[C[C.txt >> w[1P[A[C[C[C[C[C[C[C[C[C[C[C[C[C[C[C[C[C[C[C[C[C[C[C[C[C[C[C[C[C[C[C[C[C[C[C[C[C[C[C[C[C[C[C[C[C[C[C[C[C[C[C[C[C[C[C.txt >> ws[1P[A[C[C[C[C[C[C[C[C[C[C[C[C[C[C[C[C[C[C[C[C[C[C[C[C[C[C[C[C[C[C[C[C[C[C[C[C[C[C[C[C[C[C[C[C[C[C[C[C[C[C[C[C[C[C.txt >> ws4[1P[A[C[C[C[C[C[C[C[C[C[C[C[C[C[C[C[C[C[C[C[C[C[C[C[C[C[C[C[C[C[C[C[C[C[C[C[C[C[C[C[C[C[C[C[C[C[C[C[C[C[C[C[C[C.txt >> ws4_[1P[A[C[C[C[C[C[C[C[C[C[C[C[C[C[C[C[C[C[C[C[C[C[C[C[C[C[C[C[C[C[C[C[C[C[C[C[C[C[C[C[C[C[C[C[C[C[C[C[C[C[C[C[C.txt >> ws4_m[1P[A[C[C[C[C[C[C[C[C[C[C[C[C[C[C[C[C[C[C[C[C[C[C[C[C[C[C[C[C[C[C[C[C[C[C[C[C[C[C[C[C[C[C[C[C[C[C[C[C[C[C[C.txt >> ws4_me[1P[A[C[C[C[C[C[C[C[C[C[C[C[C[C[C[C[C[C[C[C[C[C[C[C[C[C[C[C[C[C[C[C[C[C[C[C[C[C[C[C[C[C[C[C[C[C[C[C[C[C[C.txt >> ws4_mea[1P[A[C[C[C[C[C[C[C[C[C[C[C[C[C[C[C[C[C[C[C[C[C[C[C[C[C[C[C[C[C[C[C[C[C[C[C[C[C[C[C[C[C[C[C[C[C[C[C[C[C.txt >> ws4_mean[1P[A[C[C[C[C[C[C[C[C[C[C[C[C[C[C[C[C[C[C[C[C[C[C[C[C[C[C[C[C[C[C[C[C[C[C[C[C[C[C[C[C[C[C[C[C[C[C[C[C.txt >> ws4_means[1P[A[C[C[C[C[C[C[C[C[C[C[C[C[C[C[C[C[C[C[C[C[C[C[C[C[C[C[C[C[C[C[C[C[C[C[C[C[C[C[C[C[C[C[C[C[C[C[C.txt >> ws4_means.[1P[A[C[C[C[C[C[C[C[C[C[C[C[C[C[C[C[C[C[C[C[C[C[C[C[C[C[C[C[C[C[C[C[C[C[C[C[C[C[C[C[C[C[C[C[C[C[C.txt >> ws4_means.t[1P[A[C[C[C[C[C[C[C[C[C[C[C[C[C[C[C[C[C[C[C[C[C[C[C[C[C[C[C[C[C[C[C[C[C[C[C[C[C[C[C[C[C[C[C[C[C.txt >> ws4_means.tx[1P[A[C[C[C[C[C[C[C[C[C[C[C[C[C[C[C[C[C[C[C[C[C[C[C[C[C[C[C[C[C[C[C[C[C[C[C[C[C[C[C[C[C[C[C[CI.txt >> ws4_means.t[1@x[A[C[C[C[C[C[C[C[C[C[C[C[C[C[C[C[C[C[C[C[C[C[C[C[C[C[C[C[C[C[C[C[C[C[C[C[C[C[C[C[C[C[C[C[Cn.txt >> ws4_means.[1@t[A[C[C[C[C[C[C[C[C[C[C[C[C[C[C[C[C[C[C[C[C[C[C[C[C[C[C[C[C[C[C[C[C[C[C[C[C[C[C[C[C[C[C[C[C[Cd.txt >> ws4_means[1@.[A[C[C[C[C[C[C[C[C[C[C[C[C[C[C[C[C[C[C[C[C[C[C[C[C[C[C[C[C[C[C[C[C[C[C[C[C[C[C[C[C[C[C[C[C[C[Ci.txt >> ws4_mean[1@s[A[C[C[C[C[C[C[C[C[C[C[C[C[C[C[C[C[C[C[C[C[C[C[C[C[C[C[C[C[C[C[C[C[C[C[C[C[C[C[C[C[C[C[C[C[C[C[Ca.txt >> ws4_mea[1@n[A[C[C[C[C[C[C[C[C[C[C[C[C[C[C[C[C[C[C[C[C[C[C[C[C[C[C[C[C[C[C[C[C[C[C[C[C[C[C[C[C[C[C[C[C[C[C[C[C

bash-4.4$ awk '{sum+=$1} END {print sum/NR}' India.txt >> ws4_meaans.txt [A[C[C[6Pecho "Mean Subscribers: India:" >> ws4_means.txt
[K[A[C[C[C[C[C[C[C[C[C[C[C[C[C[C[C[C[C[C[C[C[C[C[C[C[C[C[C[C[C[C[C[C[C[C[C[C[C[C[C[C[C[C[C[C[C[C[C[C[C[C[C[C[C[C[C[C[C[C[C[C[C[C[C[C[C[C[C[C[30Pcat ws4_means.txt 
Mean Subscribers: United States:
2.34169e+07
Mean Subscribers: India:
2.56583e+07
bash-4.4$ exit

Script done on 2024-04-08 23:54:40-04:00
